// Jest Snapshot v1, https://goo.gl/fbAQLP

exports[`scoreRound round scores are valid for all values 1`] = `
[
  4,
  8,
  3,
  1,
  5,
  9,
  7,
  2,
  6,
]
`;
